[12:33:51] run() iniciado — Bolivia
[12:34:03] fill_form_fields() iniciando — fila 2
[12:34:04] EXCEPTION fila 2: [UnicodeEncodeError] 'charmap' codec can't encode character '\U0001f539' in position 0: character maps to <undefined>
[12:34:28] fill_form_fields() iniciando — fila 3
[12:34:28] EXCEPTION fila 3: [UnicodeEncodeError] 'charmap' codec can't encode character '\U0001f539' in position 0: character maps to <undefined>
[12:34:38] fill_form_fields() iniciando — fila 4
[12:34:38] EXCEPTION fila 4: [UnicodeEncodeError] 'charmap' codec can't encode character '\U0001f539' in position 0: character maps to <undefined>
[12:35:52] run() iniciado — Bolivia
[12:36:03] fill_form_fields() iniciando — fila 2
[12:36:06] fill_form_fields() OK — fila 2
[12:36:34] fill_form_fields() iniciando — fila 3
[12:36:37] fill_form_fields() OK — fila 3
[12:36:51] fill_form_fields() iniciando — fila 4
[12:36:54] fill_form_fields() OK — fila 4
[12:37:18] run() iniciado — Argentina
[12:37:36] run() iniciado — Argentina
[12:37:36] run() iniciado — Bolivia
[12:37:47] fill_form_fields() iniciando — fila 2
[12:37:50] fill_form_fields() iniciando — fila 2
[12:37:50] fill_form_fields() OK — fila 2
[12:37:53] fill_form_fields() OK — fila 2
[12:38:19] fill_form_fields() iniciando — fila 3
[12:38:22] fill_form_fields() OK — fila 3
[12:38:36] fill_form_fields() iniciando — fila 4
[12:38:36] fill_form_fields() iniciando — fila 3
[12:38:36] fill_form_fields() OK — fila 3
[12:38:39] fill_form_fields() OK — fila 4
[12:39:37] fill_form_fields() iniciando — fila 4
[12:39:39] fill_form_fields() OK — fila 4
[12:39:56] fill_form_fields() iniciando — fila 5
[12:39:59] fill_form_fields() OK — fila 5
[16:51:11] run() iniciado — Bolivia
[16:51:24] fill_form_fields() iniciando — fila 2
[16:51:28] fill_form_fields() OK — fila 2
[16:51:57] fill_form_fields() iniciando — fila 3
[16:52:00] fill_form_fields() OK — fila 3
[16:52:14] fill_form_fields() iniciando — fila 4
[16:52:17] fill_form_fields() OK — fila 4
[16:57:40] run() iniciado — Bolivia
[17:00:03] run() iniciado — Bolivia
[17:00:10] run() iniciado — Bolivia
[17:00:14] fill_form_fields() iniciando — fila 2
[17:00:14] fill_form_fields() OK — fila 2
[17:00:14] EXCEPTION fila 2: [InvalidSessionIdException] Message: invalid session id; For documentation on this error, please visit: https://www.selenium.dev/documentation/webdriver/troubleshooting/errors#invalidsessionidexception
Stacktrace:
	chromedriver!GetHandleVerifier [0x7ff78b403435+14875]
	chromedriver!GetHandleVerifier [0x7ff78b403490+148d0]
	chromedriver!(No symbol) [0x7ff78af57576]
	chromedriver!(No symbol) [0x7ff78afa2ea6]
	chromedriver!(No symbol) [0x7ff78afda182]
	chromedriver!(No symbol) [0x7ff78afd3f82]
	chromedriver!(No symbol) [0x7ff78afd3742]
	chromedriver!(No symbol) [0x7ff78af20255]
	chromedriver!GetHandleVerifier [0x7ff78b9e6c91+5f80d1]
	chromedriver!GetHandleVerifier [0x7ff78b9e101b+5f245b]
	chromedriver!GetHandleVerifier [0x7ff78ba06305+617745]
	chromedriver!GetHandleVerifier [0x7ff78b4203ee+3182e]
	chromedriver!GetHandleVerifier [0x7ff78b428b0c+39f4c]
	chromedriver!(No symbol) [0x7ff78af1eff8]
	chromedriver!GetHandleVerifier [0x7ff78bbbf358+7d0798]
	KERNEL32!BaseThreadInitThunk [0x7ffef23ee957+17]
	ntdll!RtlUserThreadStart [0x7ffef2be7c1c+2c]

[17:00:40] run() iniciado — Bolivia
[17:02:41] run() iniciado — Bolivia
[17:02:53] fill_form_fields() iniciando — fila 2
[17:02:56] fill_form_fields() OK — fila 2
[17:03:22] run() iniciado — Bolivia
[17:04:25] run() iniciado — Bolivia
[22:00:33] run() iniciado — Bolivia
[22:01:09] fill_form_fields() iniciando — fila 2
[22:01:10] fill_form_fields() OK — fila 2
[22:02:30] fill_form_fields() iniciando — fila 3
[22:02:30] fill_form_fields() OK — fila 3
[22:13:41] run() iniciado — Bolivia
[22:13:55] fill_form_fields() iniciando — fila 2
[22:13:59] fill_form_fields() OK — fila 2
[22:14:27] fill_form_fields() iniciando — fila 3
[22:14:30] fill_form_fields() OK — fila 3
[22:14:45] fill_form_fields() iniciando — fila 4
[22:14:49] fill_form_fields() OK — fila 4
[22:17:36] run() iniciado — Bolivia
[22:17:41] run() iniciado — Bolivia
[22:17:44] run() iniciado — Bolivia
[22:17:48] fill_form_fields() iniciando — fila 2
[22:17:51] fill_form_fields() OK — fila 2
[01:28:37] run() iniciado — Uruguay
[01:28:48] fill_form_fields() iniciando — fila 2
[01:28:49] fill_form_fields() OK — fila 2
[01:29:02] fill_form_fields() iniciando — fila 3
[01:29:06] fill_form_fields() OK — fila 3
[01:30:03] fill_form_fields() iniciando — fila 4
[01:30:09] fill_form_fields() OK — fila 4
[01:30:27] run() iniciado — Uruguay
[01:30:37] fill_form_fields() iniciando — fila 2
[01:30:38] fill_form_fields() OK — fila 2
[01:30:52] fill_form_fields() iniciando — fila 3
[01:30:56] fill_form_fields() OK — fila 3
[01:31:07] fill_form_fields() iniciando — fila 5
[01:31:11] fill_form_fields() OK — fila 5
[01:31:53] fill_form_fields() iniciando — fila 4
[01:31:59] fill_form_fields() OK — fila 4
[01:32:06] fill_form_fields() iniciando — fila 6
[01:32:09] fill_form_fields() OK — fila 6
[01:32:15] EXCEPTION fila 4: [InvalidSessionIdException] Message: invalid session id; For documentation on this error, please visit: https://www.selenium.dev/documentation/webdriver/troubleshooting/errors#invalidsessionidexception
Stacktrace:
	chromedriver!GetHandleVerifier [0x7ff779ce3435+14875]
	chromedriver!GetHandleVerifier [0x7ff779ce3490+148d0]
	chromedriver!(No symbol) [0x7ff779837576]
	chromedriver!(No symbol) [0x7ff779882ea6]
	chromedriver!(No symbol) [0x7ff7798ba182]
	chromedriver!(No symbol) [0x7ff7798b3f82]
	chromedriver!(No symbol) [0x7ff7798b3742]
	chromedriver!(No symbol) [0x7ff779800255]
	chromedriver!GetHandleVerifier [0x7ff77a2c6c91+5f80d1]
	chromedriver!GetHandleVerifier [0x7ff77a2c101b+5f245b]
	chromedriver!GetHandleVerifier [0x7ff77a2e6305+617745]
	chromedriver!GetHandleVerifier [0x7ff779d003ee+3182e]
	chromedriver!GetHandleVerifier [0x7ff779d08b0c+39f4c]
	chromedriver!(No symbol) [0x7ff7797feff8]
	chromedriver!GetHandleVerifier [0x7ff77a49f358+7d0798]
	KERNEL32!BaseThreadInitThunk [0x7ff93555e957+17]
	ntdll!RtlUserThreadStart [0x7ff936807c1c+2c]

[01:32:25] EXCEPTION fila 6: [InvalidSessionIdException] Message: invalid session id; For documentation on this error, please visit: https://www.selenium.dev/documentation/webdriver/troubleshooting/errors#invalidsessionidexception
Stacktrace:
	chromedriver!GetHandleVerifier [0x7ff779ce3435+14875]
	chromedriver!GetHandleVerifier [0x7ff779ce3490+148d0]
	chromedriver!(No symbol) [0x7ff779837576]
	chromedriver!(No symbol) [0x7ff779882ea6]
	chromedriver!(No symbol) [0x7ff7798ba182]
	chromedriver!(No symbol) [0x7ff7798b3f82]
	chromedriver!(No symbol) [0x7ff7798b3742]
	chromedriver!(No symbol) [0x7ff779800255]
	chromedriver!GetHandleVerifier [0x7ff77a2c6c91+5f80d1]
	chromedriver!GetHandleVerifier [0x7ff77a2c101b+5f245b]
	chromedriver!GetHandleVerifier [0x7ff77a2e6305+617745]
	chromedriver!GetHandleVerifier [0x7ff779d003ee+3182e]
	chromedriver!GetHandleVerifier [0x7ff779d08b0c+39f4c]
	chromedriver!(No symbol) [0x7ff7797feff8]
	chromedriver!GetHandleVerifier [0x7ff77a49f358+7d0798]
	KERNEL32!BaseThreadInitThunk [0x7ff93555e957+17]
	ntdll!RtlUserThreadStart [0x7ff936807c1c+2c]

[01:37:25] run() iniciado — Uruguay
[01:37:36] fill_form_fields() iniciando — fila 2
[01:37:37] fill_form_fields() OK — fila 2
[01:37:51] fill_form_fields() iniciando — fila 3
[01:37:56] fill_form_fields() OK — fila 3
[01:38:54] fill_form_fields() iniciando — fila 4
[01:39:02] fill_form_fields() OK — fila 4
[01:40:06] fill_form_fields() iniciando — fila 5
[01:40:32] fill_form_fields() OK — fila 5
[01:40:32] EXCEPTION fila 5: [NoSuchWindowException] Message: no such window: target window already closed
from unknown error: web view not found
  (Session info: chrome=149.0.7827.201)
Stacktrace:
	chromedriver!GetHandleVerifier [0x7ff779ce3435+14875]
	chromedriver!GetHandleVerifier [0x7ff779ce3490+148d0]
	chromedriver!(No symbol) [0x7ff77983778d]
	chromedriver!(No symbol) [0x7ff77980e1c2]
	chromedriver!(No symbol) [0x7ff7798c1166]
	chromedriver!(No symbol) [0x7ff7798de2ed]
	chromedriver!(No symbol) [0x7ff779883eb0]
	chromedriver!(No symbol) [0x7ff779884e23]
	chromedriver!GetHandleVerifier [0x7ff77a2c6c91+5f80d1]
	chromedriver!GetHandleVerifier [0x7ff77a2c101b+5f245b]
	chromedriver!GetHandleVerifier [0x7ff77a2e6305+617745]
	chromedriver!GetHandleVerifier [0x7ff779d003ee+3182e]
	chromedriver!GetHandleVerifier [0x7ff779d08b0c+39f4c]
	chromedriver!GetHandleVerifier [0x7ff779cecb04+1df44]
	chromedriver!GetHandleVerifier [0x7ff779cecc94+1e0d4]
	chromedriver!GetHandleVerifier [0x7ff779cd0997+1dd7]
	KERNEL32!BaseThreadInitThunk [0x7ff93555e957+17]
	ntdll!RtlUserThreadStart [0x7ff936807c1c+2c]

[01:42:11] run() iniciado — Uruguay
[01:42:22] fill_form_fields() iniciando — fila 2
[01:42:24] fill_form_fields() OK — fila 2
[01:42:37] fill_form_fields() iniciando — fila 3
[01:42:42] fill_form_fields() OK — fila 3
[01:45:55] run() iniciado — Uruguay
[01:46:06] fill_form_fields() iniciando — fila 2
[01:46:10] fill_form_fields() OK — fila 2
[01:46:25] EXCEPTION fila 2: [InvalidSessionIdException] Message: invalid session id; For documentation on this error, please visit: https://www.selenium.dev/documentation/webdriver/troubleshooting/errors#invalidsessionidexception
Stacktrace:
	chromedriver!GetHandleVerifier [0x7ff779ce3435+14875]
	chromedriver!GetHandleVerifier [0x7ff779ce3490+148d0]
	chromedriver!(No symbol) [0x7ff779837576]
	chromedriver!(No symbol) [0x7ff779882ea6]
	chromedriver!(No symbol) [0x7ff7798ba182]
	chromedriver!(No symbol) [0x7ff7798b3f82]
	chromedriver!(No symbol) [0x7ff7798b3742]
	chromedriver!(No symbol) [0x7ff779800255]
	chromedriver!GetHandleVerifier [0x7ff77a2c6c91+5f80d1]
	chromedriver!GetHandleVerifier [0x7ff77a2c101b+5f245b]
	chromedriver!GetHandleVerifier [0x7ff77a2e6305+617745]
	chromedriver!GetHandleVerifier [0x7ff779d003ee+3182e]
	chromedriver!GetHandleVerifier [0x7ff779d08b0c+39f4c]
	chromedriver!(No symbol) [0x7ff7797feff8]
	chromedriver!GetHandleVerifier [0x7ff77a49f358+7d0798]
	KERNEL32!BaseThreadInitThunk [0x7ff93555e957+17]
	ntdll!RtlUserThreadStart [0x7ff936807c1c+2c]

[01:52:23] run() iniciado — Uruguay
[01:52:33] fill_form_fields() iniciando — fila 2
[01:52:35] fill_form_fields() OK — fila 2
[01:52:49] fill_form_fields() iniciando — fila 3
[01:52:54] fill_form_fields() OK — fila 3
[01:53:52] fill_form_fields() iniciando — fila 4
[01:54:00] fill_form_fields() OK — fila 4
[01:56:29] run() iniciado — Uruguay
[01:56:39] fill_form_fields() iniciando — fila 2
[01:56:41] fill_form_fields() OK — fila 2
[01:56:55] fill_form_fields() iniciando — fila 3
[01:56:59] fill_form_fields() OK — fila 3
[01:57:13] fill_form_fields() iniciando — fila 4
[01:57:20] fill_form_fields() OK — fila 4
[01:57:35] fill_form_fields() iniciando — fila 5
[01:57:38] fill_form_fields() OK — fila 5
[01:57:51] fill_form_fields() iniciando — fila 6
[01:57:55] fill_form_fields() OK — fila 6
[01:58:04] run() iniciado — Uruguay
[01:58:15] fill_form_fields() iniciando — fila 2
[01:58:17] fill_form_fields() OK — fila 2
[01:58:30] fill_form_fields() iniciando — fila 3
[01:58:34] fill_form_fields() OK — fila 3
[01:58:49] fill_form_fields() iniciando — fila 4
[01:58:55] fill_form_fields() OK — fila 4
[01:59:08] fill_form_fields() iniciando — fila 5
[01:59:12] fill_form_fields() OK — fila 5
[01:59:25] fill_form_fields() iniciando — fila 6
[01:59:28] fill_form_fields() OK — fila 6
[02:05:46] run() iniciado — Uruguay
[02:05:54] fill_form_fields() iniciando — fila 2
[02:05:56] fill_form_fields() OK — fila 2
[12:06:44] run() iniciado — Argentina
[12:11:02] run() iniciado — Uruguay
[12:11:10] fill_form_fields() iniciando — fila 2
[12:11:13] fill_form_fields() OK — fila 2
[12:20:29] run() iniciado — Uruguay
[12:20:29] run() iniciado — Uruguay
[12:20:29] run() iniciado — Uruguay
[12:20:37] fill_form_fields() iniciando — fila 2
[12:20:37] fill_form_fields() iniciando — fila 2
[12:20:37] fill_form_fields() iniciando — fila 2
[12:20:39] fill_form_fields() OK — fila 2
[12:20:40] fill_form_fields() OK — fila 2
[12:20:40] fill_form_fields() OK — fila 2
[12:24:48] run() iniciado — Uruguay
[12:24:48] run() iniciado — Uruguay
[12:24:48] run() iniciado — Uruguay
[12:24:58] fill_form_fields() iniciando — fila 2
[12:24:58] fill_form_fields() iniciando — fila 2
[12:25:00] fill_form_fields() iniciando — fila 2
[12:25:00] fill_form_fields() OK — fila 2
[12:25:00] fill_form_fields() OK — fila 2
[12:25:02] fill_form_fields() OK — fila 2
[12:26:04] run() iniciado — Uruguay
[12:26:11] fill_form_fields() iniciando — fila 2
[12:26:14] fill_form_fields() OK — fila 2
[13:35:41] run() iniciado — Argentina
[13:36:19] fill_form_fields() iniciando — fila 2
[13:36:21] fill_form_fields() OK — fila 2
[13:37:03] fill_form_fields() iniciando — fila 3
[13:37:05] fill_form_fields() OK — fila 3
[13:37:49] run() iniciado — Paraguay
[13:38:03] fill_form_fields() iniciando — fila 2
[13:38:06] fill_form_fields() OK — fila 2
[13:38:32] fill_form_fields() iniciando — fila 3
[13:38:35] fill_form_fields() OK — fila 3
[13:39:03] fill_form_fields() iniciando — fila 4
[13:39:06] fill_form_fields() OK — fila 4
[13:39:21] fill_form_fields() iniciando — fila 5
[13:39:25] fill_form_fields() OK — fila 5
[13:43:03] run() iniciado — Bolivia
[13:43:18] fill_form_fields() iniciando — fila 2
[13:43:22] fill_form_fields() OK — fila 2
[13:43:52] fill_form_fields() iniciando — fila 3
[13:43:56] fill_form_fields() OK — fila 3
[13:44:12] fill_form_fields() iniciando — fila 4
[13:44:16] fill_form_fields() OK — fila 4
[13:45:45] run() iniciado — Paraguay
[13:47:48] run() iniciado — Chile
[13:48:02] fill_form_fields() iniciando — fila 2
[13:48:06] fill_form_fields() OK — fila 2
[13:48:24] fill_form_fields() iniciando — fila 3
[13:48:27] fill_form_fields() OK — fila 3
[13:48:45] fill_form_fields() iniciando — fila 4
[13:48:49] fill_form_fields() OK — fila 4
[13:49:05] fill_form_fields() iniciando — fila 5
[13:49:09] fill_form_fields() OK — fila 5
[13:49:26] run() iniciado — Paraguay
[13:50:00] run() iniciado — Chile
[13:50:13] fill_form_fields() iniciando — fila 2
[13:50:18] fill_form_fields() OK — fila 2
[13:50:35] fill_form_fields() iniciando — fila 3
[13:50:39] fill_form_fields() OK — fila 3
[13:50:57] fill_form_fields() iniciando — fila 4
[13:51:01] fill_form_fields() OK — fila 4
[13:51:16] fill_form_fields() iniciando — fila 5
[13:51:20] fill_form_fields() OK — fila 5
[13:53:56] run() iniciado — Paraguay
[14:09:21] run() iniciado — Chile
[14:09:35] fill_form_fields() iniciando — fila 2
[14:09:39] fill_form_fields() OK — fila 2
[14:10:00] fill_form_fields() iniciando — fila 3
[14:10:03] fill_form_fields() OK — fila 3
[14:10:25] fill_form_fields() iniciando — fila 4
[14:10:29] fill_form_fields() OK — fila 4
[14:10:44] fill_form_fields() iniciando — fila 5
[14:10:45] run() iniciado — Paraguay
[14:10:48] fill_form_fields() OK — fila 5
[14:12:07] run() iniciado — Chile
[15:58:38] run() iniciado — Paraguay
[16:19:07] run() iniciado — Paraguay
[16:27:12] run() iniciado — Paraguay
[16:30:21] run() iniciado — Paraguay
[16:31:01] run() iniciado — Paraguay
[16:31:14] fill_form_fields() iniciando — fila 2
[16:31:14] EXCEPTION fila 2: [UnicodeEncodeError] 'charmap' codec can't encode characters in position 0-1: character maps to <undefined>
[16:32:08] run() iniciado — Paraguay
[16:32:20] fill_form_fields() iniciando — fila 2
[16:32:24] fill_form_fields() OK — fila 2
[16:40:52] run() iniciado — Uruguay
[16:41:00] fill_form_fields() iniciando — fila 2
[16:41:02] fill_form_fields() OK — fila 2
[18:38:28] run() iniciado — Paraguay
[18:38:40] fill_form_fields() iniciando — fila 2
[18:38:43] fill_form_fields() OK — fila 2
[19:52:31] run() iniciado — Ecuador
[19:53:54] run() iniciado — Ecuador
[19:54:11] fill_form_fields() iniciando — fila 2
[19:54:14] fill_form_fields() OK — fila 2
[19:54:41] fill_form_fields() iniciando — fila 3
[19:54:52] fill_form_fields() OK — fila 3
[19:55:24] fill_form_fields() iniciando — fila 4
[19:55:31] fill_form_fields() OK — fila 4
[19:55:46] fill_form_fields() iniciando — fila 5
[19:55:49] fill_form_fields() OK — fila 5
[21:43:11] run() iniciado — Argentina
[21:43:11] run() iniciado — Argentina
[21:44:06] run() iniciado — Argentina
[21:44:42] fill_form_fields() iniciando — fila 2
[21:44:45] fill_form_fields() OK — fila 2
[21:45:28] fill_form_fields() iniciando — fila 3
[21:45:30] fill_form_fields() OK — fila 3
[21:46:22] run() iniciado — Argentina
[21:47:01] fill_form_fields() iniciando — fila 2
[21:47:03] fill_form_fields() OK — fila 2
[21:48:15] run() iniciado — Argentina
[21:48:54] fill_form_fields() iniciando — fila 2
[21:48:57] fill_form_fields() OK — fila 2
[21:49:36] fill_form_fields() iniciando — fila 3
[21:49:38] fill_form_fields() OK — fila 3
[22:05:28] run() iniciado — Argentina
[22:06:09] fill_form_fields() iniciando — fila 2
[22:06:12] fill_form_fields() OK — fila 2
[22:06:52] fill_form_fields() iniciando — fila 3
[22:06:54] fill_form_fields() OK — fila 3
[22:22:26] run() iniciado — Argentina
[22:23:05] fill_form_fields() iniciando — fila 2
[22:23:05] fill_form_fields() OK — fila 2
[22:23:05] EXCEPTION fila 2: [NoSuchWindowException] Message: no such window: target window already closed
from unknown error: web view not found
  (Session info: chrome=149.0.7827.201)
Stacktrace:
	chromedriver!GetHandleVerifier [0x7ff760833435+14875]
	chromedriver!GetHandleVerifier [0x7ff760833490+148d0]
	chromedriver!(No symbol) [0x7ff76038778d]
	chromedriver!(No symbol) [0x7ff76035e1c2]
	chromedriver!(No symbol) [0x7ff760411166]
	chromedriver!(No symbol) [0x7ff76042e2ed]
	chromedriver!(No symbol) [0x7ff7603d3eb0]
	chromedriver!(No symbol) [0x7ff7603d4e23]
	chromedriver!GetHandleVerifier [0x7ff760e16c91+5f80d1]
	chromedriver!GetHandleVerifier [0x7ff760e1101b+5f245b]
	chromedriver!GetHandleVerifier [0x7ff760e36305+617745]
	chromedriver!GetHandleVerifier [0x7ff7608503ee+3182e]
	chromedriver!GetHandleVerifier [0x7ff760858b0c+39f4c]
	chromedriver!GetHandleVerifier [0x7ff76083cb04+1df44]
	chromedriver!GetHandleVerifier [0x7ff76083cc94+1e0d4]
	chromedriver!GetHandleVerifier [0x7ff760820997+1dd7]
	KERNEL32!BaseThreadInitThunk [0x7ff93555e957+17]
	ntdll!RtlUserThreadStart [0x7ff936807c1c+2c]

[22:26:48] run() iniciado — Argentina
[22:27:27] fill_form_fields() iniciando — fila 2
[22:27:29] fill_form_fields() OK — fila 2
[22:28:09] fill_form_fields() iniciando — fila 3
[22:28:11] fill_form_fields() OK — fila 3
[22:29:04] run() iniciado — Argentina
[22:29:43] fill_form_fields() iniciando — fila 2
[22:29:45] fill_form_fields() OK — fila 2
[23:05:01] run() iniciado — Argentina
[23:05:01] run() iniciado — Argentina
[23:05:38] fill_form_fields() iniciando — fila 2
[23:05:39] fill_form_fields() iniciando — fila 2
[23:05:41] fill_form_fields() OK — fila 2
[23:05:41] fill_form_fields() OK — fila 2
[23:06:21] fill_form_fields() iniciando — fila 3
[23:06:23] fill_form_fields() OK — fila 3
[23:06:23] fill_form_fields() iniciando — fila 3
[23:06:26] fill_form_fields() OK — fila 3
[23:14:51] run() iniciado — Argentina
[23:14:51] run() iniciado — Argentina
[23:15:27] fill_form_fields() iniciando — fila 2
[23:15:29] fill_form_fields() iniciando — fila 2
[23:15:30] fill_form_fields() OK — fila 2
[23:15:31] fill_form_fields() OK — fila 2
[23:16:11] fill_form_fields() iniciando — fila 3
[23:16:13] fill_form_fields() iniciando — fila 3
[23:16:13] fill_form_fields() OK — fila 3
[23:16:15] fill_form_fields() OK — fila 3
[23:16:16] EXCEPTION fila 3: [InvalidSessionIdException] Message: Tried to run command without establishing a connection; For documentation on this error, please visit: https://www.selenium.dev/documentation/webdriver/troubleshooting/errors#invalidsessionidexception

[23:16:19] EXCEPTION fila 3: [InvalidSessionIdException] Message: invalid session id; For documentation on this error, please visit: https://www.selenium.dev/documentation/webdriver/troubleshooting/errors#invalidsessionidexception
Stacktrace:
	chromedriver!GetHandleVerifier [0x7ff760833435+14875]
	chromedriver!GetHandleVerifier [0x7ff760833490+148d0]
	chromedriver!(No symbol) [0x7ff760387576]
	chromedriver!(No symbol) [0x7ff7603d2ea6]
	chromedriver!(No symbol) [0x7ff76040a182]
	chromedriver!(No symbol) [0x7ff760403f82]
	chromedriver!(No symbol) [0x7ff760403742]
	chromedriver!(No symbol) [0x7ff760350255]
	chromedriver!GetHandleVerifier [0x7ff760e16c91+5f80d1]
	chromedriver!GetHandleVerifier [0x7ff760e1101b+5f245b]
	chromedriver!GetHandleVerifier [0x7ff760e36305+617745]
	chromedriver!GetHandleVerifier [0x7ff7608503ee+3182e]
	chromedriver!GetHandleVerifier [0x7ff760858b0c+39f4c]
	chromedriver!(No symbol) [0x7ff76034eff8]
	chromedriver!GetHandleVerifier [0x7ff760fef358+7d0798]
	KERNEL32!BaseThreadInitThunk [0x7ff93555e957+17]
	ntdll!RtlUserThreadStart [0x7ff936807c1c+2c]

[23:23:46] run() iniciado — Argentina
[23:28:08] run() iniciado — Argentina
[23:28:08] run() iniciado — Argentina
[23:28:45] fill_form_fields() iniciando — fila 2
[23:28:46] fill_form_fields() iniciando — fila 2
[23:28:47] fill_form_fields() OK — fila 2
[23:28:49] fill_form_fields() OK — fila 2
[00:15:22] run() iniciado — Argentina
[00:15:22] run() iniciado — Argentina
[00:15:59] fill_form_fields() iniciando — fila 2
[00:16:01] fill_form_fields() OK — fila 2
[00:16:01] fill_form_fields() iniciando — fila 2
[00:16:04] fill_form_fields() OK — fila 2
[00:18:55] run() iniciado — Ecuador
[00:18:55] run() iniciado — Uruguay
[00:19:27] fill_form_fields() iniciando — fila 2
[00:19:29] fill_form_fields() iniciando — fila 2
[00:19:31] fill_form_fields() OK — fila 2
[00:19:33] fill_form_fields() OK — fila 2
[00:19:46] fill_form_fields() iniciando — fila 3
[00:19:49] fill_form_fields() OK — fila 3
[00:19:51] fill_form_fields() iniciando — fila 3
[00:19:54] fill_form_fields() OK — fila 3
[00:25:11] run() iniciado — Ecuador
[00:25:11] run() iniciado — Uruguay
[01:54:17] run() iniciado — Uruguay
[01:54:51] fill_form_fields() iniciando — fila 2
[01:54:55] fill_form_fields() OK — fila 2
[01:55:17] fill_form_fields() iniciando — fila 3
[01:55:20] fill_form_fields() OK — fila 3
[01:55:28] run() iniciado — Ecuador
[01:56:00] fill_form_fields() iniciando — fila 2
[01:56:03] fill_form_fields() OK — fila 2
[01:56:19] fill_form_fields() iniciando — fila 3
[01:56:23] fill_form_fields() OK — fila 3
[02:09:11] run() iniciado — Uruguay
[02:09:46] fill_form_fields() iniciando — fila 2
[02:09:49] fill_form_fields() OK — fila 2
[02:10:07] fill_form_fields() iniciando — fila 3
[02:10:11] fill_form_fields() OK — fila 3
[02:10:19] run() iniciado — Ecuador
[02:10:50] fill_form_fields() iniciando — fila 2
[02:10:54] fill_form_fields() OK — fila 2
[02:11:09] fill_form_fields() iniciando — fila 3
[02:11:12] fill_form_fields() OK — fila 3
[02:14:11] run() iniciado — Ecuador
[02:14:44] fill_form_fields() iniciando — fila 2
[02:14:47] fill_form_fields() OK — fila 2
[02:15:03] fill_form_fields() iniciando — fila 3
[02:15:06] fill_form_fields() OK — fila 3
[02:33:29] run() iniciado — Uruguay
[02:34:04] fill_form_fields() iniciando — fila 2
[02:34:09] fill_form_fields() OK — fila 2
[02:34:27] fill_form_fields() iniciando — fila 3
[02:34:31] fill_form_fields() OK — fila 3
[02:34:38] run() iniciado — Ecuador
[02:35:11] fill_form_fields() iniciando — fila 2
[02:35:15] fill_form_fields() OK — fila 2
[02:35:30] fill_form_fields() iniciando — fila 3
[02:35:34] fill_form_fields() OK — fila 3
[09:15:37] run() iniciado — Bolivia
[09:15:52] fill_form_fields() iniciando — fila 2
[09:15:55] fill_form_fields() OK — fila 2
[09:16:14] fill_form_fields() iniciando — fila 3
[09:16:18] fill_form_fields() OK — fila 3
[09:16:33] fill_form_fields() iniciando — fila 4
[09:16:36] fill_form_fields() OK — fila 4
[09:16:44] run() iniciado — Brasil
[09:17:07] fill_form_fields() iniciando — fila 2
[09:17:11] fill_form_fields() OK — fila 2
[09:17:35] fill_form_fields() iniciando — fila 3
[09:17:46] fill_form_fields() OK — fila 3
[09:18:31] fill_form_fields() iniciando — fila 4
[09:18:32] fill_form_fields() OK — fila 4
[09:19:37] fill_form_fields() iniciando — fila 5
[09:19:43] fill_form_fields() OK — fila 5
[09:20:58] fill_form_fields() iniciando — fila 6
[09:21:09] fill_form_fields() OK — fila 6
[09:21:16] run() iniciado — Colombia
[09:21:36] fill_form_fields() iniciando — fila 2
[09:21:40] fill_form_fields() OK — fila 2
[09:22:36] fill_form_fields() iniciando — fila 3
[09:22:40] fill_form_fields() OK — fila 3
[09:23:04] fill_form_fields() iniciando — fila 4
[09:23:16] fill_form_fields() OK — fila 4
[09:23:34] fill_form_fields() iniciando — fila 5
[09:23:37] fill_form_fields() OK — fila 5
[09:23:46] run() iniciado — Ecuador
[09:24:04] fill_form_fields() iniciando — fila 2
[09:24:08] fill_form_fields() OK — fila 2
[09:24:31] fill_form_fields() iniciando — fila 3
[09:24:38] fill_form_fields() OK — fila 3
[09:24:57] fill_form_fields() iniciando — fila 4
[09:25:08] fill_form_fields() OK — fila 4
[09:25:24] fill_form_fields() iniciando — fila 5
[09:25:27] fill_form_fields() OK — fila 5
[09:25:34] run() iniciado — Argentina
[09:25:52] fill_form_fields() iniciando — fila 2
[09:25:55] fill_form_fields() OK — fila 2
[09:26:13] fill_form_fields() iniciando — fila 3
[09:26:20] fill_form_fields() OK — fila 3
[09:26:39] fill_form_fields() iniciando — fila 4
[09:26:43] fill_form_fields() OK — fila 4
[09:26:58] fill_form_fields() iniciando — fila 5
[09:27:02] fill_form_fields() OK — fila 5
[11:05:38] run() iniciado — Brasil
[11:05:54] fill_form_fields() iniciando — fila 2
[11:05:57] fill_form_fields() OK — fila 2
[11:20:18] run() iniciado — Brasil
[11:20:33] fill_form_fields() iniciando — fila 2
[11:20:36] fill_form_fields() OK — fila 2
[14:04:18] run() iniciado — Brasil
[14:04:33] fill_form_fields() iniciando — fila 2
[14:04:37] fill_form_fields() OK — fila 2
[14:43:56] run() iniciado — Uruguay
[14:43:56] run() iniciado — Brasil
[14:44:10] fill_form_fields() iniciando — fila 2
[14:44:12] fill_form_fields() iniciando — fila 2
[14:44:12] fill_form_fields() OK — fila 2
[14:44:16] fill_form_fields() OK — fila 2
[14:44:32] EXCEPTION fila 2: [InvalidSessionIdException] Message: invalid session id; For documentation on this error, please visit: https://www.selenium.dev/documentation/webdriver/troubleshooting/errors#invalidsessionidexception
Stacktrace:
	chromedriver!GetHandleVerifier [0x7ff792573435+14875]
	chromedriver!GetHandleVerifier [0x7ff792573490+148d0]
	chromedriver!(No symbol) [0x7ff7920c7576]
	chromedriver!(No symbol) [0x7ff792112ea6]
	chromedriver!(No symbol) [0x7ff79214a182]
	chromedriver!(No symbol) [0x7ff792143f82]
	chromedriver!(No symbol) [0x7ff792143742]
	chromedriver!(No symbol) [0x7ff792090255]
	chromedriver!GetHandleVerifier [0x7ff792b56c91+5f80d1]
	chromedriver!GetHandleVerifier [0x7ff792b5101b+5f245b]
	chromedriver!GetHandleVerifier [0x7ff792b76305+617745]
	chromedriver!GetHandleVerifier [0x7ff7925903ee+3182e]
	chromedriver!GetHandleVerifier [0x7ff792598b0c+39f4c]
	chromedriver!(No symbol) [0x7ff79208eff8]
	chromedriver!GetHandleVerifier [0x7ff792d2f358+7d0798]
	KERNEL32!BaseThreadInitThunk [0x7ff93555e957+17]
	ntdll!RtlUserThreadStart [0x7ff936807c1c+2c]

[14:44:36] run() iniciado — Brasil
[14:44:36] run() iniciado — Uruguay
[14:44:51] fill_form_fields() iniciando — fila 2
[14:44:52] fill_form_fields() iniciando — fila 2
[14:44:55] fill_form_fields() OK — fila 2
[14:44:56] fill_form_fields() OK — fila 2
[14:58:59] run() iniciado — Brasil
[14:58:59] run() iniciado — Uruguay
[14:59:14] fill_form_fields() iniciando — fila 2
[14:59:17] fill_form_fields() OK — fila 2
[15:00:04] fill_form_fields() iniciando — fila 2
[15:00:07] fill_form_fields() OK — fila 2
[15:16:16] run() iniciado — Uruguay
[15:16:16] run() iniciado — Brasil
[15:16:31] fill_form_fields() iniciando — fila 2
[15:16:36] fill_form_fields() OK — fila 2
[15:17:22] fill_form_fields() iniciando — fila 2
[15:17:25] fill_form_fields() OK — fila 2
[15:19:56] run() iniciado — Uruguay
[15:19:56] run() iniciado — Brasil
[15:20:10] fill_form_fields() iniciando — fila 2
[15:20:14] fill_form_fields() OK — fila 2
[15:21:02] fill_form_fields() iniciando — fila 2
[15:21:05] fill_form_fields() OK — fila 2
[16:06:28] run() iniciado — Brasil
[16:06:47] run() iniciado — Brasil
[16:07:00] fill_form_fields() iniciando — fila 2
[16:07:04] fill_form_fields() OK — fila 2
[16:10:38] run() iniciado — Brasil
[16:10:52] fill_form_fields() iniciando — fila 2
[16:10:55] fill_form_fields() OK — fila 2
[16:11:11] EXCEPTION fila 2: [InvalidSessionIdException] Message: invalid session id; For documentation on this error, please visit: https://www.selenium.dev/documentation/webdriver/troubleshooting/errors#invalidsessionidexception
Stacktrace:
	chromedriver!GetHandleVerifier [0x7ff72bf53435+14875]
	chromedriver!GetHandleVerifier [0x7ff72bf53490+148d0]
	chromedriver!(No symbol) [0x7ff72baa7576]
	chromedriver!(No symbol) [0x7ff72baf2ea6]
	chromedriver!(No symbol) [0x7ff72bb2a182]
	chromedriver!(No symbol) [0x7ff72bb23f82]
	chromedriver!(No symbol) [0x7ff72bb23742]
	chromedriver!(No symbol) [0x7ff72ba70255]
	chromedriver!GetHandleVerifier [0x7ff72c536c91+5f80d1]
	chromedriver!GetHandleVerifier [0x7ff72c53101b+5f245b]
	chromedriver!GetHandleVerifier [0x7ff72c556305+617745]
	chromedriver!GetHandleVerifier [0x7ff72bf703ee+3182e]
	chromedriver!GetHandleVerifier [0x7ff72bf78b0c+39f4c]
	chromedriver!(No symbol) [0x7ff72ba6eff8]
	chromedriver!GetHandleVerifier [0x7ff72c70f358+7d0798]
	KERNEL32!BaseThreadInitThunk [0x7ff97f46e957+17]
	ntdll!RtlUserThreadStart [0x7ff9807a7c1c+2c]

[17:23:43] run() iniciado — Brasil
[17:23:58] fill_form_fields() iniciando — fila 2
[17:24:03] fill_form_fields() OK — fila 2
[17:44:07] run() iniciado — Brasil
[17:44:24] fill_form_fields() iniciando — fila 2
[17:44:32] fill_form_fields() OK — fila 2
[17:46:13] run() iniciado — Brasil
[17:46:31] fill_form_fields() iniciando — fila 2
[17:46:38] fill_form_fields() OK — fila 2
[17:46:53] EXCEPTION fila 2: [InvalidSessionIdException] Message: invalid session id; For documentation on this error, please visit: https://www.selenium.dev/documentation/webdriver/troubleshooting/errors#invalidsessionidexception
Stacktrace:
	chromedriver!GetHandleVerifier [0x7ff72bf53435+14875]
	chromedriver!GetHandleVerifier [0x7ff72bf53490+148d0]
	chromedriver!(No symbol) [0x7ff72baa7576]
	chromedriver!(No symbol) [0x7ff72baf2ea6]
	chromedriver!(No symbol) [0x7ff72bb2a182]
	chromedriver!(No symbol) [0x7ff72bb23f82]
	chromedriver!(No symbol) [0x7ff72bb23742]
	chromedriver!(No symbol) [0x7ff72ba70255]
	chromedriver!GetHandleVerifier [0x7ff72c536c91+5f80d1]
	chromedriver!GetHandleVerifier [0x7ff72c53101b+5f245b]
	chromedriver!GetHandleVerifier [0x7ff72c556305+617745]
	chromedriver!GetHandleVerifier [0x7ff72bf703ee+3182e]
	chromedriver!GetHandleVerifier [0x7ff72bf78b0c+39f4c]
	chromedriver!(No symbol) [0x7ff72ba6eff8]
	chromedriver!GetHandleVerifier [0x7ff72c70f358+7d0798]
	KERNEL32!BaseThreadInitThunk [0x7ff97f46e957+17]
	ntdll!RtlUserThreadStart [0x7ff9807a7c1c+2c]

[18:25:39] run() iniciado — Brasil
[18:25:58] fill_form_fields() iniciando — fila 2
[18:26:00] EXCEPTION fila 2: [TypeError] _fill_selects() missing 1 required positional argument: 'log'
[18:27:23] run() iniciado — Brasil
[18:27:41] fill_form_fields() iniciando — fila 2
[18:27:43] EXCEPTION fila 2: [TypeError] _fill_selects() missing 1 required positional argument: 'log'
[23:54:53] run() iniciado — Brasil
[23:55:07] fill_form_fields() iniciando — fila 2
[23:55:17] fill_form_fields() OK — fila 2
[23:56:57] run() iniciado — Brasil
[23:57:08] fill_form_fields() iniciando — fila 2
[23:57:18] fill_form_fields() OK — fila 2
[00:48:45] run() iniciado — Brasil
[00:49:49] fill_form_fields() iniciando — fila 2
[00:50:00] fill_form_fields() OK — fila 2
[00:57:37] run() iniciado — Brasil
[00:58:54] fill_form_fields() iniciando — fila 2
[00:59:30] fill_form_fields() OK — fila 2
[01:06:28] run() iniciado — Brasil
[01:06:57] run() iniciado — Brasil
[01:08:15] fill_form_fields() iniciando — fila 2
[01:08:50] fill_form_fields() OK — fila 2
[01:09:10] EXCEPTION fila 2: [NoSuchWindowException] Message: no such window: target window already closed
from unknown error: web view not found
  (Session info: chrome=149.0.7827.201)
Stacktrace:
	chromedriver!GetHandleVerifier [0x7ff7df063435+14875]
	chromedriver!GetHandleVerifier [0x7ff7df063490+148d0]
	chromedriver!(No symbol) [0x7ff7debb778d]
	chromedriver!(No symbol) [0x7ff7deb8e1c2]
	chromedriver!(No symbol) [0x7ff7dec41166]
	chromedriver!(No symbol) [0x7ff7dec5e2ed]
	chromedriver!(No symbol) [0x7ff7dec03eb0]
	chromedriver!(No symbol) [0x7ff7dec04e23]
	chromedriver!GetHandleVerifier [0x7ff7df646c91+5f80d1]
	chromedriver!GetHandleVerifier [0x7ff7df64101b+5f245b]
	chromedriver!GetHandleVerifier [0x7ff7df666305+617745]
	chromedriver!GetHandleVerifier [0x7ff7df0803ee+3182e]
	chromedriver!GetHandleVerifier [0x7ff7df088b0c+39f4c]
	chromedriver!GetHandleVerifier [0x7ff7df06cb04+1df44]
	chromedriver!GetHandleVerifier [0x7ff7df06cc94+1e0d4]
	chromedriver!GetHandleVerifier [0x7ff7df050997+1dd7]
	KERNEL32!BaseThreadInitThunk [0x7ff97f46e957+17]
	ntdll!RtlUserThreadStart [0x7ff9807a7c1c+2c]

[01:11:56] run() iniciado — Brasil
[01:12:25] run() iniciado — Brasil
[01:13:16] fill_form_fields() iniciando — fila 2
[01:13:52] fill_form_fields() OK — fila 2
[01:14:08] EXCEPTION fila 2: [InvalidSessionIdException] Message: invalid session id; For documentation on this error, please visit: https://www.selenium.dev/documentation/webdriver/troubleshooting/errors#invalidsessionidexception
Stacktrace:
	chromedriver!GetHandleVerifier [0x7ff7df063435+14875]
	chromedriver!GetHandleVerifier [0x7ff7df063490+148d0]
	chromedriver!(No symbol) [0x7ff7debb7576]
	chromedriver!(No symbol) [0x7ff7dec02ea6]
	chromedriver!(No symbol) [0x7ff7dec3a182]
	chromedriver!(No symbol) [0x7ff7dec33f82]
	chromedriver!(No symbol) [0x7ff7dec33742]
	chromedriver!(No symbol) [0x7ff7deb80255]
	chromedriver!GetHandleVerifier [0x7ff7df646c91+5f80d1]
	chromedriver!GetHandleVerifier [0x7ff7df64101b+5f245b]
	chromedriver!GetHandleVerifier [0x7ff7df666305+617745]
	chromedriver!GetHandleVerifier [0x7ff7df0803ee+3182e]
	chromedriver!GetHandleVerifier [0x7ff7df088b0c+39f4c]
	chromedriver!(No symbol) [0x7ff7deb7eff8]
	chromedriver!GetHandleVerifier [0x7ff7df81f358+7d0798]
	KERNEL32!BaseThreadInitThunk [0x7ff97f46e957+17]
	ntdll!RtlUserThreadStart [0x7ff9807a7c1c+2c]

[01:21:05] run() iniciado — Ecuador
[01:21:24] fill_form_fields() iniciando — fila 2
[01:21:35] fill_form_fields() OK — fila 2
[01:21:51] fill_form_fields() iniciando — fila 3
[01:21:55] fill_form_fields() OK — fila 3
[01:22:58] run() iniciado — Bolivia
[01:23:13] fill_form_fields() iniciando — fila 2
[01:23:17] fill_form_fields() OK — fila 2
[01:23:47] fill_form_fields() iniciando — fila 3
[01:23:50] fill_form_fields() OK — fila 3
[01:23:57] run() iniciado — Ecuador
[01:24:14] fill_form_fields() iniciando — fila 2
[01:24:25] fill_form_fields() OK — fila 2
[01:24:41] fill_form_fields() iniciando — fila 3
[01:24:44] fill_form_fields() OK — fila 3
[01:30:41] run() iniciado — Brasil
[01:31:38] fill_form_fields() iniciando — fila 2
[01:32:13] fill_form_fields() OK — fila 2
[01:38:21] run() iniciado — Brasil
[01:38:34] run() iniciado — Brasil
[01:38:43] run() iniciado — Brasil
[01:39:20] fill_form_fields() iniciando — fila 2
[01:39:23] fill_form_fields() OK — fila 2
[01:39:42] fill_form_fields() iniciando — fila 2
[01:39:45] fill_form_fields() OK — fila 2
[01:40:10] run() iniciado — Uruguay
[01:40:18] fill_form_fields() iniciando — fila 2
[01:40:20] fill_form_fields() OK — fila 2
[01:40:47] fill_form_fields() iniciando — fila 2
[01:40:52] fill_form_fields() OK — fila 2
[01:40:59] run() iniciado — Uruguay
[01:41:26] fill_form_fields() iniciando — fila 2
[01:41:31] fill_form_fields() OK — fila 2
[01:41:40] run() iniciado — Uruguay
[01:42:14] fill_form_fields() iniciando — fila 2
[01:42:20] fill_form_fields() OK — fila 2
[01:50:46] run() iniciado — Brasil
[01:50:56] run() iniciado — Brasil
[01:51:06] run() iniciado — Brasil
[01:51:46] fill_form_fields() iniciando — fila 2
[01:51:55] fill_form_fields() OK — fila 2
[01:52:07] fill_form_fields() iniciando — fila 2
[01:52:16] fill_form_fields() OK — fila 2
[01:52:42] fill_form_fields() iniciando — fila 2
[01:52:50] fill_form_fields() OK — fila 2
[01:53:09] fill_form_fields() iniciando — fila 3
[01:53:26] fill_form_fields() OK — fila 3
[01:53:29] fill_form_fields() iniciando — fila 3
[01:53:45] fill_form_fields() OK — fila 3
[01:59:09] run() iniciado — Brasil
[02:00:30] run() iniciado — Uruguay
[02:00:41] run() iniciado — Uruguay
[02:00:51] run() iniciado — Uruguay
[02:01:05] fill_form_fields() iniciando — fila 2
[02:01:07] fill_form_fields() iniciando — fila 2
[02:01:09] fill_form_fields() OK — fila 2
[02:01:12] fill_form_fields() OK — fila 2
[02:01:26] fill_form_fields() iniciando — fila 2
[02:01:31] fill_form_fields() OK — fila 2
[10:41:19] run() iniciado — Chile
[10:41:19] run() iniciado — Bolivia
[10:41:19] run() iniciado — Brasil
[10:41:19] run() iniciado — Ecuador
[10:41:31] fill_form_fields() iniciando — fila 2
[10:41:31] fill_form_fields() OK — fila 2
[10:41:31] EXCEPTION fila 2: [NoSuchWindowException] Message: no such window: target window already closed
from unknown error: web view not found
  (Session info: chrome=149.0.7827.201)
Stacktrace:
	chromedriver!GetHandleVerifier [0x7ff678ea3435+14875]
	chromedriver!GetHandleVerifier [0x7ff678ea3490+148d0]
	chromedriver!(No symbol) [0x7ff6789f778d]
	chromedriver!(No symbol) [0x7ff6789ce1c2]
	chromedriver!(No symbol) [0x7ff678a81166]
	chromedriver!(No symbol) [0x7ff678a9e2ed]
	chromedriver!(No symbol) [0x7ff678a43eb0]
	chromedriver!(No symbol) [0x7ff678a44e23]
	chromedriver!GetHandleVerifier [0x7ff679486c91+5f80d1]
	chromedriver!GetHandleVerifier [0x7ff67948101b+5f245b]
	chromedriver!GetHandleVerifier [0x7ff6794a6305+617745]
	chromedriver!GetHandleVerifier [0x7ff678ec03ee+3182e]
	chromedriver!GetHandleVerifier [0x7ff678ec8b0c+39f4c]
	chromedriver!GetHandleVerifier [0x7ff678eacb04+1df44]
	chromedriver!GetHandleVerifier [0x7ff678eacc94+1e0d4]
	chromedriver!GetHandleVerifier [0x7ff678e90997+1dd7]
	KERNEL32!BaseThreadInitThunk [0x7ff97f46e957+17]
	ntdll!RtlUserThreadStart [0x7ff9807a7c1c+2c]

[10:41:32] fill_form_fields() iniciando — fila 2
[10:41:32] fill_form_fields() OK — fila 2
[10:41:32] EXCEPTION fila 2: [InvalidSessionIdException] Message: invalid session id; For documentation on this error, please visit: https://www.selenium.dev/documentation/webdriver/troubleshooting/errors#invalidsessionidexception
Stacktrace:
	chromedriver!GetHandleVerifier [0x7ff678ea3435+14875]
	chromedriver!GetHandleVerifier [0x7ff678ea3490+148d0]
	chromedriver!(No symbol) [0x7ff6789f7576]
	chromedriver!(No symbol) [0x7ff678a42ea6]
	chromedriver!(No symbol) [0x7ff678a7a182]
	chromedriver!(No symbol) [0x7ff678a73f82]
	chromedriver!(No symbol) [0x7ff678a73742]
	chromedriver!(No symbol) [0x7ff6789c0255]
	chromedriver!GetHandleVerifier [0x7ff679486c91+5f80d1]
	chromedriver!GetHandleVerifier [0x7ff67948101b+5f245b]
	chromedriver!GetHandleVerifier [0x7ff6794a6305+617745]
	chromedriver!GetHandleVerifier [0x7ff678ec03ee+3182e]
	chromedriver!GetHandleVerifier [0x7ff678ec8b0c+39f4c]
	chromedriver!(No symbol) [0x7ff6789beff8]
	chromedriver!GetHandleVerifier [0x7ff67965f358+7d0798]
	KERNEL32!BaseThreadInitThunk [0x7ff97f46e957+17]
	ntdll!RtlUserThreadStart [0x7ff9807a7c1c+2c]

[10:41:37] run() iniciado — Brasil
[10:41:37] run() iniciado — Chile
[10:41:37] run() iniciado — Ecuador
[10:41:37] run() iniciado — Bolivia
[10:41:50] fill_form_fields() iniciando — fila 2
[10:41:50] fill_form_fields() iniciando — fila 2
[10:41:54] fill_form_fields() OK — fila 2
[10:41:57] fill_form_fields() OK — fila 2
[10:42:05] fill_form_fields() iniciando — fila 2
[10:42:09] fill_form_fields() OK — fila 2
[10:42:26] fill_form_fields() iniciando — fila 3
[10:42:30] fill_form_fields() OK — fila 3
[10:42:30] fill_form_fields() iniciando — fila 3
[10:42:34] fill_form_fields() OK — fila 3
[10:42:40] fill_form_fields() iniciando — fila 2
[10:42:46] fill_form_fields() iniciando — fila 4
[10:42:46] fill_form_fields() OK — fila 2
[10:42:50] fill_form_fields() OK — fila 4
[10:42:54] fill_form_fields() iniciando — fila 3
[10:42:57] fill_form_fields() iniciando — fila 4
[10:42:58] fill_form_fields() OK — fila 3
[10:43:08] fill_form_fields() OK — fila 4
[10:43:22] fill_form_fields() iniciando — fila 5
[10:43:23] fill_form_fields() iniciando — fila 4
[10:43:26] fill_form_fields() OK — fila 5
[10:43:35] fill_form_fields() OK — fila 4
[10:43:46] fill_form_fields() iniciando — fila 3
[10:43:51] fill_form_fields() OK — fila 3
[10:43:51] fill_form_fields() iniciando — fila 5
[10:43:55] fill_form_fields() OK — fila 5
[10:45:13] fill_form_fields() iniciando — fila 4
[10:45:17] fill_form_fields() OK — fila 4
[10:46:33] fill_form_fields() iniciando — fila 5
[10:46:46] fill_form_fields() OK — fila 5
[11:21:58] run() iniciado — Bolivia
[11:21:58] run() iniciado — Chile
[11:21:58] run() iniciado — Ecuador
[11:21:58] run() iniciado — Brasil
[11:22:10] run() iniciado — Bolivia
[11:22:10] run() iniciado — Brasil
[11:22:10] run() iniciado — Ecuador
[11:22:10] run() iniciado — Chile
[11:22:22] fill_form_fields() iniciando — fila 2
[11:22:23] fill_form_fields() iniciando — fila 2
[11:22:27] fill_form_fields() OK — fila 2
[11:22:28] fill_form_fields() OK — fila 2
[11:22:37] fill_form_fields() iniciando — fila 2
[11:22:41] fill_form_fields() OK — fila 2
[11:22:52] fill_form_fields() iniciando — fila 3
[11:22:56] fill_form_fields() iniciando — fila 3
[11:22:56] fill_form_fields() OK — fila 3
[11:23:01] fill_form_fields() OK — fila 3
[11:23:03] fill_form_fields() iniciando — fila 3
[11:23:07] fill_form_fields() OK — fila 3
[11:23:13] fill_form_fields() iniciando — fila 2
[11:23:16] fill_form_fields() iniciando — fila 4
[11:23:17] fill_form_fields() iniciando — fila 4
[11:23:21] fill_form_fields() OK — fila 4
[11:23:22] fill_form_fields() OK — fila 2
[11:23:27] fill_form_fields() iniciando — fila 4
[11:23:29] fill_form_fields() OK — fila 4
[11:23:38] fill_form_fields() OK — fila 4
[11:23:45] fill_form_fields() iniciando — fila 5
[11:23:49] fill_form_fields() OK — fila 5
[11:23:56] fill_form_fields() iniciando — fila 5
[11:24:00] fill_form_fields() OK — fila 5
[11:24:24] fill_form_fields() iniciando — fila 3
[11:24:29] fill_form_fields() OK — fila 3
